This is pdfTeX, Version 3.141592653-2.6-1.40.29 (TeX Live 2026/Arch Linux) (preloaded format=pdflatex 2026.5.26)  28 MAY 2026 22:08
entering extended mode
 restricted \write18 enabled.
 %&-line parsing enabled.
**report.TEX
(./report.TEX
LaTeX2e <2025-11-01>
L3 programming layer <2026-01-19>
(/usr/share/texmf-dist/tex/latex/base/report.cls
Document Class: report 2025/01/22 v1.4n Standard LaTeX document class
(/usr/share/texmf-dist/tex/latex/base/size11.clo
File: size11.clo 2025/01/22 v1.4n Standard LaTeX file (size option)
)
\c@part=\count275
\c@chapter=\count276
\c@section=\count277
\c@subsection=\count278
\c@subsubsection=\count279
\c@paragraph=\count280
\c@subparagraph=\count281
\c@figure=\count282
\c@table=\count283
\abovecaptionskip=\skip49
\belowcaptionskip=\skip50
\bibindent=\dimen148
)
(/usr/share/texmf-dist/tex/generic/babel/babel.sty
Package: babel 2026/02/14 v26.3 The multilingual framework for LuaLaTeX, pdfLaT
eX and XeLaTeX
\babel@savecnt=\count284
LaTeX Encoding Info:    Redeclaring text command \ij (encoding OT1) on input li
ne 2078.
LaTeX Encoding Info:    Redeclaring text command \IJ (encoding OT1) on input li
ne 2080.
LaTeX Encoding Info:    Redeclaring text command \ij (encoding T1) on input lin
e 2082.
LaTeX Encoding Info:    Redeclaring text command \IJ (encoding T1) on input lin
e 2083.
LaTeX Encoding Info:    Ignoring declaration for text command \ij (encoding ?) 
on input line 2084.
LaTeX Encoding Info:    Ignoring declaration for text command \IJ (encoding ?) 
on input line 2086.
LaTeX Encoding Info:    Ignoring declaration for text command \SS (encoding ?) 
on input line 2111.
\U@D=\dimen149
\l@unhyphenated=\language4

(/usr/share/texmf-dist/tex/generic/babel/txtbabel.def)
\bbl@readstream=\read2
\bbl@dirlevel=\count285

(/usr/share/texmf-dist/tex/generic/babel/locale/pt/babel-brazilian.tex)
Package babel Info: Importing font and identification data for brazilian
(babel)             from babel-pt-BR.ini. Reported on input line 4330.

(/usr/share/texmf-dist/tex/generic/babel-portuges/brazilian.ldf
Language: portuges 2026/01/24 v1.2u Portuguese support from the babel system
Package babel Info: Hyphen rules for 'brazilian' set to \l@portuguese
(babel)             (\language3). Reported on input line 100.
Package babel Info: Making " an active character on input line 132.
))
(/usr/share/texmf-dist/tex/latex/base/inputenc.sty
Package: inputenc 2024/02/08 v1.3d Input encoding file
\inpenc@prehook=\toks17
\inpenc@posthook=\toks18
)
(/usr/share/texmf-dist/tex/latex/preprint/authblk.sty
Package: authblk 2001/02/27 1.3 (PWD)
\affilsep=\skip51
\@affilsep=\skip52
\c@Maxaffil=\count286
\c@authors=\count287
\c@affil=\count288
)
(/usr/share/texmf-dist/tex/latex/tools/indentfirst.sty
Package: indentfirst 2023/07/02 v1.03 Indent first paragraph (DPC)
)
(/usr/share/texmf-dist/tex/latex/geometry/geometry.sty
Package: geometry 2020/01/02 v5.9 Page Geometry

(/usr/share/texmf-dist/tex/latex/graphics/keyval.sty
Package: keyval 2022/05/29 v1.15 key=value parser (DPC)
\KV@toks@=\toks19
)
(/usr/share/texmf-dist/tex/generic/iftex/ifvtex.sty
Package: ifvtex 2019/10/25 v1.7 ifvtex legacy package. Use iftex instead.

(/usr/share/texmf-dist/tex/generic/iftex/iftex.sty
Package: iftex 2024/12/12 v1.0g TeX engine tests
))
\Gm@cnth=\count289
\Gm@cntv=\count290
\c@Gm@tempcnt=\count291
\Gm@bindingoffset=\dimen150
\Gm@wd@mp=\dimen151
\Gm@odd@mp=\dimen152
\Gm@even@mp=\dimen153
\Gm@layoutwidth=\dimen154
\Gm@layoutheight=\dimen155
\Gm@layouthoffset=\dimen156
\Gm@layoutvoffset=\dimen157
\Gm@dimlist=\toks20
)
(/usr/share/texmf-dist/tex/latex/xcolor/xcolor.sty
Package: xcolor 2024/09/29 v3.02 LaTeX color extensions (UK)

(/usr/share/texmf-dist/tex/latex/graphics-cfg/color.cfg
File: color.cfg 2016/01/02 v1.6 sample color configuration
)
Package xcolor Info: Driver file: pdftex.def on input line 274.

(/usr/share/texmf-dist/tex/latex/graphics-def/pdftex.def
File: pdftex.def 2025/09/29 v1.2d Graphics/color driver for pdftex
)
(/usr/share/texmf-dist/tex/latex/graphics/mathcolor.ltx)
Package xcolor Info: Model `cmy' substituted by `cmy0' on input line 1349.
Package xcolor Info: Model `hsb' substituted by `rgb' on input line 1353.
Package xcolor Info: Model `RGB' extended on input line 1365.
Package xcolor Info: Model `HTML' substituted by `rgb' on input line 1367.
Package xcolor Info: Model `Hsb' substituted by `hsb' on input line 1368.
Package xcolor Info: Model `tHsb' substituted by `hsb' on input line 1369.
Package xcolor Info: Model `HSB' substituted by `hsb' on input line 1370.
Package xcolor Info: Model `Gray' substituted by `gray' on input line 1371.
Package xcolor Info: Model `wave' substituted by `hsb' on input line 1372.
)
(/usr/share/texmf-dist/tex/latex/colortbl/colortbl.sty
Package: colortbl 2024/10/29 v1.0k Color table columns (DPC)

(/usr/share/texmf-dist/tex/latex/tools/array.sty
Package: array 2025/09/25 v2.6n Tabular extension package (FMi)
\col@sep=\dimen158
\ar@mcellbox=\box53
\extrarowheight=\dimen159
\NC@list=\toks21
\extratabsurround=\skip53
\backup@length=\skip54
\ar@cellbox=\box54
)
\everycr=\toks22
\minrowclearance=\skip55
\rownum=\count292
)
(/usr/share/texmf-dist/tex/latex/pdfpages/pdfpages.sty
Package: pdfpages 2025/07/23 v0.6g Insert pages of external PDF documents (AM)

(/usr/share/texmf-dist/tex/latex/base/ifthen.sty
Package: ifthen 2024/03/16 v1.1e Standard LaTeX ifthen package (DPC)
)
(/usr/share/texmf-dist/tex/latex/tools/calc.sty
Package: calc 2025/03/01 v4.3b Infix arithmetic (KKT,FJ)
\calc@Acount=\count293
\calc@Bcount=\count294
\calc@Adimen=\dimen160
\calc@Bdimen=\dimen161
\calc@Askip=\skip56
\calc@Bskip=\skip57
LaTeX Info: Redefining \setlength on input line 86.
LaTeX Info: Redefining \addtolength on input line 87.
\calc@Ccount=\count295
\calc@Cskip=\skip58
)
(/usr/share/texmf-dist/tex/latex/eso-pic/eso-pic.sty
Package: eso-pic 2025/12/10 v3.0d eso-pic (RN)
\ESO@tempdima=\dimen162
\ESO@tempdimb=\dimen163
)
(/usr/share/texmf-dist/tex/latex/etoolbox/etoolbox.sty
Package: etoolbox 2025/10/02 v2.5m e-TeX tools for LaTeX (JAW)
\etb@tempcnta=\count296
)
(/usr/share/texmf-dist/tex/latex/graphics/graphicx.sty
Package: graphicx 2024/12/31 v1.2e Enhanced LaTeX Graphics (DPC,SPQR)

(/usr/share/texmf-dist/tex/latex/graphics/graphics.sty
Package: graphics 2024/08/06 v1.4g Standard LaTeX Graphics (DPC,SPQR)

(/usr/share/texmf-dist/tex/latex/graphics/trig.sty
Package: trig 2023/12/02 v1.11 sin cos tan (DPC)
)
(/usr/share/texmf-dist/tex/latex/graphics-cfg/graphics.cfg
File: graphics.cfg 2016/06/04 v1.11 sample graphics configuration
)
Package graphics Info: Driver file: pdftex.def on input line 106.
)
\Gin@req@height=\dimen164
\Gin@req@width=\dimen165
)
\AM@pagewidth=\dimen166
\AM@pageheight=\dimen167
\AM@fboxrule=\dimen168

(/usr/share/texmf-dist/tex/latex/pdfpages/pppdftex.def
File: pppdftex.def 2025/07/23 v0.6g Pdfpages driver for pdfTeX (AM)
)
\pdfpages@includegraphics@status=\count297
\AM@pagebox=\box55
\AM@global@opts=\toks23
\AM@pagecnt=\count298
\AM@toc@title=\toks24
\AM@lof@heading=\toks25
\c@AM@survey=\count299
\AM@templatesizebox=\box56
)
(/usr/share/texmf-dist/tex/latex/float/float.sty
Package: float 2001/11/08 v1.3d Float enhancements (AL)
\c@float@type=\count300
\float@exts=\toks26
\float@box=\box57
\@float@everytoks=\toks27
\@floatcapt=\box58
)
(/usr/share/texmf-dist/tex/latex/l3backend/l3backend-pdftex.def
File: l3backend-pdftex.def 2025-10-09 L3 backend support: PDF output (pdfTeX)
\l__color_backend_stack_int=\count301
) (./report.aux
Package babel Info: 'brazilian' activates 'portuges' shorthands.
(babel)             Reported on input line 5.


LaTeX Warning: Label `fig:esquematico' multiply defined.


LaTeX Warning: Label `fig:esquematico' multiply defined.


LaTeX Warning: Label `fig:esquematico' multiply defined.


LaTeX Warning: Label `fig:esquematico' multiply defined.


LaTeX Warning: Label `fig:esquematico' multiply defined.

)
\openout1 = `report.aux'.

LaTeX Font Info:    Checking defaults for OML/cmm/m/it on input line 22.
LaTeX Font Info:    ... okay on input line 22.
LaTeX Font Info:    Checking defaults for OMS/cmsy/m/n on input line 22.
LaTeX Font Info:    ... okay on input line 22.
LaTeX Font Info:    Checking defaults for OT1/cmr/m/n on input line 22.
LaTeX Font Info:    ... okay on input line 22.
LaTeX Font Info:    Checking defaults for T1/cmr/m/n on input line 22.
LaTeX Font Info:    ... okay on input line 22.
LaTeX Font Info:    Checking defaults for TS1/cmr/m/n on input line 22.
LaTeX Font Info:    ... okay on input line 22.
LaTeX Font Info:    Checking defaults for OMX/cmex/m/n on input line 22.
LaTeX Font Info:    ... okay on input line 22.
LaTeX Font Info:    Checking defaults for U/cmr/m/n on input line 22.
LaTeX Font Info:    ... okay on input line 22.

*geometry* driver: auto-detecting
*geometry* detected driver: pdftex
*geometry* verbose mode - [ preamble ] result:
* driver: pdftex
* paper: <default>
* layout: <same size as paper>
* layoutoffset:(h,v)=(0.0pt,0.0pt)
* modes: 
* h-part:(L,W,R)=(71.13188pt, 472.03123pt, 71.13188pt)
* v-part:(T,H,B)=(71.13188pt, 652.70622pt, 71.13188pt)
* \paperwidth=614.295pt
* \paperheight=794.96999pt
* \textwidth=472.03123pt
* \textheight=652.70622pt
* \oddsidemargin=-1.1381pt
* \evensidemargin=-1.1381pt
* \topmargin=-38.1381pt
* \headheight=12.0pt
* \headsep=25.0pt
* \topskip=11.0pt
* \footskip=30.0pt
* \marginparwidth=59.0pt
* \marginparsep=10.0pt
* \columnsep=10.0pt
* \skip\footins=10.0pt plus 4.0pt minus 2.0pt
* \hoffset=0.0pt
* \voffset=0.0pt
* \mag=1000
* \@twocolumnfalse
* \@twosidefalse
* \@mparswitchfalse
* \@reversemarginfalse
* (1in=72.27pt=25.4mm, 1cm=28.453pt)

(/usr/share/texmf-dist/tex/context/base/mkii/supp-pdf.mkii
[Loading MPS to PDF converter (version 2006.09.02).]
\scratchcounter=\count302
\scratchdimen=\dimen169
\scratchbox=\box59
\nofMPsegments=\count303
\nofMParguments=\count304
\everyMPshowfont=\toks28
\MPscratchCnt=\count305
\MPscratchDim=\dimen170
\MPnumerator=\count306
\makeMPintoPDFobject=\count307
\everyMPtoPDFconversion=\toks29
) (/usr/share/texmf-dist/tex/latex/epstopdf-pkg/epstopdf-base.sty
Package: epstopdf-base 2020-01-24 v2.11 Base part for package epstopdf
Package epstopdf-base Info: Redefining graphics rule for `.eps' on input line 4
85.

(/usr/share/texmf-dist/tex/latex/latexconfig/epstopdf-sys.cfg
File: epstopdf-sys.cfg 2010/07/13 v1.3 Configuration of (r)epstopdf for TeX Liv
e
))
(/usr/share/texmf-dist/tex/latex/pdflscape/pdflscape.sty
Package: pdflscape 2025-06-23 v0.14 Display of landscape pages in PDF

(/usr/share/texmf-dist/tex/latex/pdflscape/pdflscape-nometadata.sty
Package: pdflscape-nometadata 2025-06-23 v0.14 Display of landscape pages in PD
F (HO)

(/usr/share/texmf-dist/tex/latex/graphics/lscape.sty
Package: lscape 2020/05/28 v3.02 Landscape Pages (DPC)
)
Package pdflscape Info: Auto-detected driver: pdftex on input line 81.
)) [1

{/var/lib/texmf/fonts/map/pdftex/updmap/pdftex.map}] (./report.toc
LaTeX Font Info:    External font `cmex10' loaded for size
(Font)              <10.95> on input line 4.
LaTeX Font Info:    External font `cmex10' loaded for size
(Font)              <8> on input line 4.
LaTeX Font Info:    External font `cmex10' loaded for size
(Font)              <6> on input line 4.
)
\tf@toc=\write3
\openout3 = `report.toc'.

 [1

]
Cap\'{\i }tulo 1.
[2

]
Cap\'{\i }tulo 2.
[3

{/usr/share/texmf-dist/fonts/enc/dvips/cm-super/cm-super-ts1.enc}]
Underfull \hbox (badness 10000) in paragraph at lines 127--128

 []


LaTeX Warning: `!h' float specifier changed to `!ht'.

[4]
Underfull \hbox (badness 10000) in paragraph at lines 187--188

 []

</home/sparthur/git/logic-circuits-design/AP3/circuit-schematic.png, id=26, 160
6.0pt x 628.3475pt>
File: /home/sparthur/git/logic-circuits-design/AP3/circuit-schematic.png Graphi
c file (type png)
<use /home/sparthur/git/logic-circuits-design/AP3/circuit-schematic.png>
Package pdftex.def Info: /home/sparthur/git/logic-circuits-design/AP3/circuit-s
chematic.png  used on input line 205.
(pdftex.def)             Requested size: 330.42041pt x 129.27228pt.
[5] [6 </home/sparthur/git/logic-circuits-design/AP3/circuit-schematic.png>]
LaTeX Font Info:    External font `cmex10' loaded for size
(Font)              <9> on input line 221.
LaTeX Font Info:    External font `cmex10' loaded for size
(Font)              <5> on input line 221.

Overfull \hbox (20.18597pt too wide) in paragraph at lines 221--247
[][] 
 []

[7]
</home/sparthur/git/logic-circuits-design/AP3/final-report/circuito-do-comparad
or.png, id=40, 523.9575pt x 264.99pt>
File: /home/sparthur/git/logic-circuits-design/AP3/final-report/circuito-do-com
parador.png Graphic file (type png)
<use /home/sparthur/git/logic-circuits-design/AP3/final-report/circuito-do-comp
arador.png>
Package pdftex.def Info: /home/sparthur/git/logic-circuits-design/AP3/final-rep
ort/circuito-do-comparador.png  used on input line 261.
(pdftex.def)             Requested size: 330.42041pt x 167.1144pt.
</home/sparthur/git/logic-circuits-design/AP3/final-report/comparador-expansív
el.png, id=42, 716.6775pt x 464.937pt>
File: /home/sparthur/git/logic-circuits-design/AP3/final-report/comparador-expa
nsível.png Graphic file (type png)
<use /home/sparthur/git/logic-circuits-design/AP3/final-report/comparador-expan
sível.png>
Package pdftex.def Info: /home/sparthur/git/logic-circuits-design/AP3/final-rep
ort/comparador-expansível.png  used on input line 270.
(pdftex.def)             Requested size: 330.42041pt x 214.35602pt.
 [8 </home/sparthur/git/logic-circuits-design/AP3/final-report/circuito-do-comp
arador.png> </home/sparthur/git/logic-circuits-design/AP3/final-report/comparad
or-expansível.png>]
</home/sparthur/git/logic-circuits-design/AP3/final-report/comparador-no-somado
r-BCD-com-A-igual-A-B.png, id=48, 949.74825pt x 557.6835pt>
File: /home/sparthur/git/logic-circuits-design/AP3/final-report/comparador-no-s
omador-BCD-com-A-igual-A-B.png Graphic file (type png)
<use /home/sparthur/git/logic-circuits-design/AP3/final-report/comparador-no-so
mador-BCD-com-A-igual-A-B.png>
Package pdftex.def Info: /home/sparthur/git/logic-circuits-design/AP3/final-rep
ort/comparador-no-somador-BCD-com-A-igual-A-B.png  used on input line 281.
(pdftex.def)             Requested size: 330.42041pt x 194.01782pt.
</home/sparthur/git/logic-circuits-design/AP3/final-report/comparador-no-somado
r-BCD-com-A-maior-que-B.png, id=49, 958.17975pt x 560.69475pt>
File: /home/sparthur/git/logic-circuits-design/AP3/final-report/comparador-no-s
omador-BCD-com-A-maior-que-B.png Graphic file (type png)
<use /home/sparthur/git/logic-circuits-design/AP3/final-report/comparador-no-so
mador-BCD-com-A-maior-que-B.png>
Package pdftex.def Info: /home/sparthur/git/logic-circuits-design/AP3/final-rep
ort/comparador-no-somador-BCD-com-A-maior-que-B.png  used on input line 290.
(pdftex.def)             Requested size: 330.42041pt x 193.35434pt.
 [9 </home/sparthur/git/logic-circuits-design/AP3/final-report/comparador-no-so
mador-BCD-com-A-igual-a-B.png> </home/sparthur/git/logic-circuits-design/AP3/fi
nal-report/comparador-no-somador-BCD-com-A-maior-que-B.png>]
</home/sparthur/git/logic-circuits-design/AP3/final-report/comparador-no-somado
r-BCD-com-B-maior-que-A.png, id=55, 952.15726pt x 552.8655pt>
File: /home/sparthur/git/logic-circuits-design/AP3/final-report/comparador-no-s
omador-BCD-com-B-maior-que-A.png Graphic file (type png)
<use /home/sparthur/git/logic-circuits-design/AP3/final-report/comparador-no-so
mador-BCD-com-B-maior-que-A.png>
Package pdftex.def Info: /home/sparthur/git/logic-circuits-design/AP3/final-rep
ort/comparador-no-somador-BCD-com-B-maior-que-A.png  used on input line 301.
(pdftex.def)             Requested size: 330.42041pt x 191.8608pt.
 [10 </home/sparthur/git/logic-circuits-design/AP3/final-report/comparador-no-s
omador-BCD-com-B-maior-que-A.png>]
Cap\'{\i }tulo 3.
[11

]
Cap\'{\i }tulo 4.
</home/sparthur/git/logic-circuits-design/AP3/AP3-exercice-guide.pdf, id=64, 59
8.235pt x 846.16125pt>
File: /home/sparthur/git/logic-circuits-design/AP3/AP3-exercice-guide.pdf Graph
ic file (type pdf)
<use /home/sparthur/git/logic-circuits-design/AP3/AP3-exercice-guide.pdf>
Package pdftex.def Info: /home/sparthur/git/logic-circuits-design/AP3/AP3-exerc
ice-guide.pdf  used on input line 336.
(pdftex.def)             Requested size: 598.23354pt x 846.1592pt.
</home/sparthur/git/logic-circuits-design/AP3/AP3-exercice-guide.pdf, id=66, pa
ge=1, 598.235pt x 846.16125pt>
File: /home/sparthur/git/logic-circuits-design/AP3/AP3-exercice-guide.pdf Graph
ic file (type pdf)
<use /home/sparthur/git/logic-circuits-design/AP3/AP3-exercice-guide.pdf, page 
1>
Package pdftex.def Info: /home/sparthur/git/logic-circuits-design/AP3/AP3-exerc
ice-guide.pdf , page1 used on input line 336.
(pdftex.def)             Requested size: 598.23354pt x 846.1592pt.
File: /home/sparthur/git/logic-circuits-design/AP3/AP3-exercice-guide.pdf Graph
ic file (type pdf)
<use /home/sparthur/git/logic-circuits-design/AP3/AP3-exercice-guide.pdf, page 
1>
Package pdftex.def Info: /home/sparthur/git/logic-circuits-design/AP3/AP3-exerc
ice-guide.pdf , page1 used on input line 336.
(pdftex.def)             Requested size: 562.14015pt x 795.10765pt.
[12

]
File: /home/sparthur/git/logic-circuits-design/AP3/AP3-exercice-guide.pdf Graph
ic file (type pdf)
<use /home/sparthur/git/logic-circuits-design/AP3/AP3-exercice-guide.pdf, page 
1>
Package pdftex.def Info: /home/sparthur/git/logic-circuits-design/AP3/AP3-exerc
ice-guide.pdf , page1 used on input line 336.
(pdftex.def)             Requested size: 562.14015pt x 795.10765pt.
File: /home/sparthur/git/logic-circuits-design/AP3/AP3-exercice-guide.pdf Graph
ic file (type pdf)
<use /home/sparthur/git/logic-circuits-design/AP3/AP3-exercice-guide.pdf, page 
1>
Package pdftex.def Info: /home/sparthur/git/logic-circuits-design/AP3/AP3-exerc
ice-guide.pdf , page1 used on input line 336.
(pdftex.def)             Requested size: 562.14015pt x 795.10765pt.
File: /home/sparthur/git/logic-circuits-design/AP3/AP3-exercice-guide.pdf Graph
ic file (type pdf)
<use /home/sparthur/git/logic-circuits-design/AP3/AP3-exercice-guide.pdf, page 
1>
Package pdftex.def Info: /home/sparthur/git/logic-circuits-design/AP3/AP3-exerc
ice-guide.pdf , page1 used on input line 336.
(pdftex.def)             Requested size: 562.14015pt x 795.10765pt.
 [13

 </home/sparthur/git/logic-circuits-design/AP3/AP3-exercice-guide.pdf>] (./repo
rt.aux)
 ***********
LaTeX2e <2025-11-01>
L3 programming layer <2026-01-19>
 ***********


LaTeX Warning: There were multiply-defined labels.

 ) 
Here is how much of TeX's memory you used:
 5169 strings out of 469495
 87318 string characters out of 5470098
 537466 words of memory out of 5000000
 33767 multiletter control sequences out of 15000+600000
 635396 words of font info for 65 fonts, out of 8000000 for 9000
 16 hyphenation exceptions out of 8191
 72i,17n,83p,286b,452s stack positions out of 10000i,1000n,20000p,200000b,200000s
</usr/share/texmf-dist/fonts/type1/public/amsfonts/cm/cmbx10.pfb></usr/share/
texmf-dist/fonts/type1/public/amsfonts/cm/cmbx12.pfb></usr/share/texmf-dist/fon
ts/type1/public/amsfonts/cm/cmbx9.pfb></usr/share/texmf-dist/fonts/type1/public
/amsfonts/cm/cmmi10.pfb></usr/share/texmf-dist/fonts/type1/public/amsfonts/cm/c
mmi8.pfb></usr/share/texmf-dist/fonts/type1/public/amsfonts/cm/cmr10.pfb></usr/
share/texmf-dist/fonts/type1/public/amsfonts/cm/cmr12.pfb></usr/share/texmf-dis
t/fonts/type1/public/amsfonts/cm/cmr8.pfb></usr/share/texmf-dist/fonts/type1/pu
blic/amsfonts/cm/cmr9.pfb></usr/share/texmf-dist/fonts/type1/public/amsfonts/cm
/cmsy10.pfb></usr/share/texmf-dist/fonts/type1/public/amsfonts/cm/cmti10.pfb></
usr/share/texmf-dist/fonts/type1/public/cm-super/sfrm1095.pfb>
Output written on report.pdf (14 pages, 667778 bytes).
PDF statistics:
 178 PDF objects out of 1000 (max. 8388607)
 101 compressed objects within 2 object streams
 0 named destinations out of 1000 (max. 500000)
 46 words of extra memory for PDF output out of 10000 (max. 10000000)

