This is pdfTeX, Version 3.141592653-2.6-1.40.29 (TeX Live 2026) (preloaded format=pdflatex 2026.4.27)  28 APR 2026 07:59
entering extended mode
 restricted \write18 enabled.
 %&-line parsing enabled.
**pre-lab-report.TEX
(./pre-lab-report.TEX
LaTeX2e <2025-11-01>
L3 programming layer <2026-01-19>
(/usr/share/texlive/texmf-dist/tex/latex/base/report.cls
Document Class: report 2025/01/22 v1.4n Standard LaTeX document class
(/usr/share/texlive/texmf-dist/tex/latex/base/size11.clo
File: size11.clo 2025/01/22 v1.4n Standard LaTeX file (size option)
)
\c@part=\count275
\c@chapter=\count276
\c@section=\count277
\c@subsection=\count278
\c@subsubsection=\count279
\c@paragraph=\count280
\c@subparagraph=\count281
\c@figure=\count282
\c@table=\count283
\abovecaptionskip=\skip49
\belowcaptionskip=\skip50
\bibindent=\dimen148
)
(/usr/share/texlive/texmf-dist/tex/generic/babel/babel.sty
Package: babel 2026/01/26 v26.2 The multilingual framework for LuaLaTeX, pdfLaT
eX and XeLaTeX
\babel@savecnt=\count284
LaTeX Encoding Info:    Redeclaring text command \ij (encoding OT1) on input li
ne 2078.
LaTeX Encoding Info:    Redeclaring text command \IJ (encoding OT1) on input li
ne 2080.
LaTeX Encoding Info:    Redeclaring text command \ij (encoding T1) on input lin
e 2082.
LaTeX Encoding Info:    Redeclaring text command \IJ (encoding T1) on input lin
e 2083.
LaTeX Encoding Info:    Ignoring declaration for text command \ij (encoding ?) 
on input line 2084.
LaTeX Encoding Info:    Ignoring declaration for text command \IJ (encoding ?) 
on input line 2086.
LaTeX Encoding Info:    Ignoring declaration for text command \SS (encoding ?) 
on input line 2111.
\U@D=\dimen149
\l@unhyphenated=\language88

(/usr/share/texlive/texmf-dist/tex/generic/babel/txtbabel.def)
\bbl@readstream=\read2
\bbl@dirlevel=\count285

(/usr/share/texlive/texmf-dist/tex/generic/babel/locale/invalid/babel-brazil.te
x)

Package babel Warning: Name 'brazil' is deprecated.
(babel)                Use 'brazilian' instead.
(babel)                Reported on input line 4330.

Package babel Info: Importing font and identification data for brazil
(babel)             from babel-pt-BR.ini. Reported on input line 4330.
(/usr/share/texlive/texmf-dist/tex/generic/babel-portuges/brazilian.ldf
Language: portuges 2026/01/24 v1.2u Portuguese support from the babel system
Package babel Info: Hyphen rules for 'brazil' set to \l@portuguese
(babel)             (\language73). Reported on input line 100.
Package babel Info: Making " an active character on input line 132.
))
(/usr/share/texlive/texmf-dist/tex/latex/base/inputenc.sty
Package: inputenc 2024/02/08 v1.3d Input encoding file
\inpenc@prehook=\toks17
\inpenc@posthook=\toks18
)
(/usr/share/texlive/texmf-dist/tex/latex/preprint/authblk.sty
Package: authblk 2001/02/27 1.3 (PWD)
\affilsep=\skip51
\@affilsep=\skip52
\c@Maxaffil=\count286
\c@authors=\count287
\c@affil=\count288
)
(/usr/share/texlive/texmf-dist/tex/latex/tools/indentfirst.sty
Package: indentfirst 2023/07/02 v1.03 Indent first paragraph (DPC)
)
(/usr/share/texlive/texmf-dist/tex/latex/geometry/geometry.sty
Package: geometry 2020/01/02 v5.9 Page Geometry

(/usr/share/texlive/texmf-dist/tex/latex/graphics/keyval.sty
Package: keyval 2022/05/29 v1.15 key=value parser (DPC)
\KV@toks@=\toks19
)
(/usr/share/texlive/texmf-dist/tex/generic/iftex/ifvtex.sty
Package: ifvtex 2019/10/25 v1.7 ifvtex legacy package. Use iftex instead.

(/usr/share/texlive/texmf-dist/tex/generic/iftex/iftex.sty
Package: iftex 2024/12/12 v1.0g TeX engine tests
))
\Gm@cnth=\count289
\Gm@cntv=\count290
\c@Gm@tempcnt=\count291
\Gm@bindingoffset=\dimen150
\Gm@wd@mp=\dimen151
\Gm@odd@mp=\dimen152
\Gm@even@mp=\dimen153
\Gm@layoutwidth=\dimen154
\Gm@layoutheight=\dimen155
\Gm@layouthoffset=\dimen156
\Gm@layoutvoffset=\dimen157
\Gm@dimlist=\toks20
)
(/usr/share/texlive/texmf-dist/tex/latex/xcolor/xcolor.sty
Package: xcolor 2024/09/29 v3.02 LaTeX color extensions (UK)

(/usr/share/texlive/texmf-dist/tex/latex/graphics-cfg/color.cfg
File: color.cfg 2016/01/02 v1.6 sample color configuration
)
Package xcolor Info: Driver file: pdftex.def on input line 274.

(/usr/share/texlive/texmf-dist/tex/latex/graphics-def/pdftex.def
File: pdftex.def 2025/09/29 v1.2d Graphics/color driver for pdftex
)
(/usr/share/texlive/texmf-dist/tex/latex/graphics/mathcolor.ltx)
Package xcolor Info: Model `cmy' substituted by `cmy0' on input line 1349.
Package xcolor Info: Model `hsb' substituted by `rgb' on input line 1353.
Package xcolor Info: Model `RGB' extended on input line 1365.
Package xcolor Info: Model `HTML' substituted by `rgb' on input line 1367.
Package xcolor Info: Model `Hsb' substituted by `hsb' on input line 1368.
Package xcolor Info: Model `tHsb' substituted by `hsb' on input line 1369.
Package xcolor Info: Model `HSB' substituted by `hsb' on input line 1370.
Package xcolor Info: Model `Gray' substituted by `gray' on input line 1371.
Package xcolor Info: Model `wave' substituted by `hsb' on input line 1372.
)
(/usr/share/texlive/texmf-dist/tex/latex/colortbl/colortbl.sty
Package: colortbl 2024/10/29 v1.0k Color table columns (DPC)

(/usr/share/texlive/texmf-dist/tex/latex/tools/array.sty

LaTeX Warning: You have requested release `2026/06/01' of LaTeX,
               but only release `2025-11-01' is available.

Package: array 2026/01/25 v2.7a Tabular extension package (FMi)
\col@sep=\dimen158
\ar@mcellbox=\box53
\extrarowheight=\dimen159
\NC@list=\toks21
\extratabsurround=\skip53
\backup@length=\skip54
\ar@cellbox=\box54
)
\everycr=\toks22
\minrowclearance=\skip55
\rownum=\count292
) (/usr/share/texlive/texmf-dist/tex/latex/pdfpages/pdfpages.sty
Package: pdfpages 2025/07/23 v0.6g Insert pages of external PDF documents (AM)

(/usr/share/texlive/texmf-dist/tex/latex/base/ifthen.sty
Package: ifthen 2024/03/16 v1.1e Standard LaTeX ifthen package (DPC)
)
(/usr/share/texlive/texmf-dist/tex/latex/tools/calc.sty
Package: calc 2025/03/01 v4.3b Infix arithmetic (KKT,FJ)
\calc@Acount=\count293
\calc@Bcount=\count294
\calc@Adimen=\dimen160
\calc@Bdimen=\dimen161
\calc@Askip=\skip56
\calc@Bskip=\skip57
LaTeX Info: Redefining \setlength on input line 86.
LaTeX Info: Redefining \addtolength on input line 87.
\calc@Ccount=\count295
\calc@Cskip=\skip58
)
(/usr/share/texlive/texmf-dist/tex/latex/eso-pic/eso-pic.sty
Package: eso-pic 2025/12/10 v3.0d eso-pic (RN)
\ESO@tempdima=\dimen162
\ESO@tempdimb=\dimen163
)
(/usr/share/texlive/texmf-dist/tex/latex/etoolbox/etoolbox.sty
Package: etoolbox 2025/10/02 v2.5m e-TeX tools for LaTeX (JAW)
\etb@tempcnta=\count296
)
(/usr/share/texlive/texmf-dist/tex/latex/graphics/graphicx.sty
Package: graphicx 2024/12/31 v1.2e Enhanced LaTeX Graphics (DPC,SPQR)

(/usr/share/texlive/texmf-dist/tex/latex/graphics/graphics.sty
Package: graphics 2024/08/06 v1.4g Standard LaTeX Graphics (DPC,SPQR)

(/usr/share/texlive/texmf-dist/tex/latex/graphics/trig.sty
Package: trig 2023/12/02 v1.11 sin cos tan (DPC)
)
(/usr/share/texlive/texmf-dist/tex/latex/graphics-cfg/graphics.cfg
File: graphics.cfg 2016/06/04 v1.11 sample graphics configuration
)
Package graphics Info: Driver file: pdftex.def on input line 106.
)
\Gin@req@height=\dimen164
\Gin@req@width=\dimen165
)
\AM@pagewidth=\dimen166
\AM@pageheight=\dimen167
\AM@fboxrule=\dimen168

(/usr/share/texlive/texmf-dist/tex/latex/pdfpages/pppdftex.def
File: pppdftex.def 2025/07/23 v0.6g Pdfpages driver for pdfTeX (AM)
)
\pdfpages@includegraphics@status=\count297
\AM@pagebox=\box55
\AM@global@opts=\toks23
\AM@pagecnt=\count298
\AM@toc@title=\toks24
\AM@lof@heading=\toks25
\c@AM@survey=\count299
\AM@templatesizebox=\box56
)
(/usr/share/texlive/texmf-dist/tex/latex/l3backend/l3backend-pdftex.def
File: l3backend-pdftex.def 2025-10-09 L3 backend support: PDF output (pdfTeX)
\l__color_backend_stack_int=\count300
)
(./pre-lab-report.aux
Package babel Info: 'brazil' activates 'portuges' shorthands.
(babel)             Reported on input line 5.
)
\openout1 = `pre-lab-report.aux'.

LaTeX Font Info:    Checking defaults for OML/cmm/m/it on input line 20.
LaTeX Font Info:    ... okay on input line 20.
LaTeX Font Info:    Checking defaults for OMS/cmsy/m/n on input line 20.
LaTeX Font Info:    ... okay on input line 20.
LaTeX Font Info:    Checking defaults for OT1/cmr/m/n on input line 20.
LaTeX Font Info:    ... okay on input line 20.
LaTeX Font Info:    Checking defaults for T1/cmr/m/n on input line 20.
LaTeX Font Info:    ... okay on input line 20.
LaTeX Font Info:    Checking defaults for TS1/cmr/m/n on input line 20.
LaTeX Font Info:    ... okay on input line 20.
LaTeX Font Info:    Checking defaults for OMX/cmex/m/n on input line 20.
LaTeX Font Info:    ... okay on input line 20.
LaTeX Font Info:    Checking defaults for U/cmr/m/n on input line 20.
LaTeX Font Info:    ... okay on input line 20.

*geometry* driver: auto-detecting
*geometry* detected driver: pdftex
*geometry* verbose mode - [ preamble ] result:
* driver: pdftex
* paper: <default>
* layout: <same size as paper>
* layoutoffset:(h,v)=(0.0pt,0.0pt)
* modes: 
* h-part:(L,W,R)=(71.13188pt, 472.03123pt, 71.13188pt)
* v-part:(T,H,B)=(71.13188pt, 652.70622pt, 71.13188pt)
* \paperwidth=614.295pt
* \paperheight=794.96999pt
* \textwidth=472.03123pt
* \textheight=652.70622pt
* \oddsidemargin=-1.1381pt
* \evensidemargin=-1.1381pt
* \topmargin=-38.1381pt
* \headheight=12.0pt
* \headsep=25.0pt
* \topskip=11.0pt
* \footskip=30.0pt
* \marginparwidth=59.0pt
* \marginparsep=10.0pt
* \columnsep=10.0pt
* \skip\footins=10.0pt plus 4.0pt minus 2.0pt
* \hoffset=0.0pt
* \voffset=0.0pt
* \mag=1000
* \@twocolumnfalse
* \@twosidefalse
* \@mparswitchfalse
* \@reversemarginfalse
* (1in=72.27pt=25.4mm, 1cm=28.453pt)

(/usr/share/texlive/texmf-dist/tex/context/base/mkii/supp-pdf.mkii
[Loading MPS to PDF converter (version 2006.09.02).]
\scratchcounter=\count301
\scratchdimen=\dimen169
\scratchbox=\box57
\nofMPsegments=\count302
\nofMParguments=\count303
\everyMPshowfont=\toks26
\MPscratchCnt=\count304
\MPscratchDim=\dimen170
\MPnumerator=\count305
\makeMPintoPDFobject=\count306
\everyMPtoPDFconversion=\toks27
) (/usr/share/texlive/texmf-dist/tex/latex/epstopdf-pkg/epstopdf-base.sty
Package: epstopdf-base 2020-01-24 v2.11 Base part for package epstopdf
Package epstopdf-base Info: Redefining graphics rule for `.eps' on input line 4
85.

(/usr/share/texlive/texmf-dist/tex/latex/latexconfig/epstopdf-sys.cfg
File: epstopdf-sys.cfg 2010/07/13 v1.3 Configuration of (r)epstopdf for TeX Liv
e
))
(/usr/share/texlive/texmf-dist/tex/latex/pdflscape/pdflscape.sty
Package: pdflscape 2025-06-23 v0.14 Display of landscape pages in PDF

(/usr/share/texlive/texmf-dist/tex/latex/pdflscape/pdflscape-nometadata.sty
Package: pdflscape-nometadata 2025-06-23 v0.14 Display of landscape pages in PD
F (HO)

(/usr/share/texlive/texmf-dist/tex/latex/graphics/lscape.sty
Package: lscape 2020/05/28 v3.02 Landscape Pages (DPC)
)
Package pdflscape Info: Auto-detected driver: pdftex on input line 81.
)) [1

{/var/lib/texmf/fonts/map/pdftex/updmap/pdftex.map}] (./pre-lab-report.toc)
\tf@toc=\write3
\openout3 = `pre-lab-report.toc'.

 [1

]
Cap\'{\i }tulo 1.
[2

]
Cap\'{\i }tulo 2.
</home/sparthur/git/logic-circuits-design/AP2/AP2-exercice-guide.pdf, id=17, 59
8.235pt x 845.1575pt>
File: /home/sparthur/git/logic-circuits-design/AP2/AP2-exercice-guide.pdf Graph
ic file (type pdf)
<use /home/sparthur/git/logic-circuits-design/AP2/AP2-exercice-guide.pdf>
Package pdftex.def Info: /home/sparthur/git/logic-circuits-design/AP2/AP2-exerc
ice-guide.pdf  used on input line 36.
(pdftex.def)             Requested size: 598.23354pt x 845.15544pt.
</home/sparthur/git/logic-circuits-design/AP2/AP2-exercice-guide.pdf, id=19, pa
ge=1, 598.235pt x 845.1575pt>
File: /home/sparthur/git/logic-circuits-design/AP2/AP2-exercice-guide.pdf Graph
ic file (type pdf)
<use /home/sparthur/git/logic-circuits-design/AP2/AP2-exercice-guide.pdf, page 
1>
Package pdftex.def Info: /home/sparthur/git/logic-circuits-design/AP2/AP2-exerc
ice-guide.pdf , page1 used on input line 36.
(pdftex.def)             Requested size: 598.23354pt x 845.15544pt.
File: /home/sparthur/git/logic-circuits-design/AP2/AP2-exercice-guide.pdf Graph
ic file (type pdf)
<use /home/sparthur/git/logic-circuits-design/AP2/AP2-exercice-guide.pdf, page 
1>
Package pdftex.def Info: /home/sparthur/git/logic-circuits-design/AP2/AP2-exerc
ice-guide.pdf , page1 used on input line 36.
(pdftex.def)             Requested size: 562.80652pt x 795.10587pt.
[3

]
File: /home/sparthur/git/logic-circuits-design/AP2/AP2-exercice-guide.pdf Graph
ic file (type pdf)
<use /home/sparthur/git/logic-circuits-design/AP2/AP2-exercice-guide.pdf, page 
1>
Package pdftex.def Info: /home/sparthur/git/logic-circuits-design/AP2/AP2-exerc
ice-guide.pdf , page1 used on input line 36.
(pdftex.def)             Requested size: 562.80652pt x 795.10587pt.
File: /home/sparthur/git/logic-circuits-design/AP2/AP2-exercice-guide.pdf Graph
ic file (type pdf)
<use /home/sparthur/git/logic-circuits-design/AP2/AP2-exercice-guide.pdf, page 
1>
Package pdftex.def Info: /home/sparthur/git/logic-circuits-design/AP2/AP2-exerc
ice-guide.pdf , page1 used on input line 36.
(pdftex.def)             Requested size: 562.80652pt x 795.10587pt.
File: /home/sparthur/git/logic-circuits-design/AP2/AP2-exercice-guide.pdf Graph
ic file (type pdf)
<use /home/sparthur/git/logic-circuits-design/AP2/AP2-exercice-guide.pdf, page 
1>
Package pdftex.def Info: /home/sparthur/git/logic-circuits-design/AP2/AP2-exerc
ice-guide.pdf , page1 used on input line 36.
(pdftex.def)             Requested size: 562.80652pt x 795.10587pt.
 [4

 </home/sparthur/git/logic-circuits-design/AP2/AP2-exercice-guide.pdf>]
</home/sparthur/git/logic-circuits-design/AP2/AP2-exercice-guide.pdf, id=76, pa
ge=2, 598.235pt x 845.1575pt>
File: /home/sparthur/git/logic-circuits-design/AP2/AP2-exercice-guide.pdf Graph
ic file (type pdf)
<use /home/sparthur/git/logic-circuits-design/AP2/AP2-exercice-guide.pdf, page 
2>
Package pdftex.def Info: /home/sparthur/git/logic-circuits-design/AP2/AP2-exerc
ice-guide.pdf , page2 used on input line 36.
(pdftex.def)             Requested size: 562.80652pt x 795.10587pt.
File: /home/sparthur/git/logic-circuits-design/AP2/AP2-exercice-guide.pdf Graph
ic file (type pdf)
<use /home/sparthur/git/logic-circuits-design/AP2/AP2-exercice-guide.pdf, page 
2>
Package pdftex.def Info: /home/sparthur/git/logic-circuits-design/AP2/AP2-exerc
ice-guide.pdf , page2 used on input line 36.
(pdftex.def)             Requested size: 562.80652pt x 795.10587pt.
File: /home/sparthur/git/logic-circuits-design/AP2/AP2-exercice-guide.pdf Graph
ic file (type pdf)
<use /home/sparthur/git/logic-circuits-design/AP2/AP2-exercice-guide.pdf, page 
2>
Package pdftex.def Info: /home/sparthur/git/logic-circuits-design/AP2/AP2-exerc
ice-guide.pdf , page2 used on input line 36.
(pdftex.def)             Requested size: 562.80652pt x 795.10587pt.

[5

 </home/sparthur/git/logic-circuits-design/AP2/AP2-exercice-guide.pdf>]
Cap\'{\i }tulo 3.
</home/sparthur/git/logic-circuits-design/AP2/Exercicio-1-resolvido.pdf, id=104
, 598.15468pt x 846.0408pt>
File: /home/sparthur/git/logic-circuits-design/AP2/Exercicio-1-resolvido.pdf Gr
aphic file (type pdf)
<use /home/sparthur/git/logic-circuits-design/AP2/Exercicio-1-resolvido.pdf>
Package pdftex.def Info: /home/sparthur/git/logic-circuits-design/AP2/Exercicio
-1-resolvido.pdf  used on input line 40.
(pdftex.def)             Requested size: 598.15321pt x 846.03874pt.
</home/sparthur/git/logic-circuits-design/AP2/Exercicio-1-resolvido.pdf, id=106
, page=1, 598.15468pt x 846.0408pt>
File: /home/sparthur/git/logic-circuits-design/AP2/Exercicio-1-resolvido.pdf Gr
aphic file (type pdf)
<use /home/sparthur/git/logic-circuits-design/AP2/Exercicio-1-resolvido.pdf, pa
ge 1>
Package pdftex.def Info: /home/sparthur/git/logic-circuits-design/AP2/Exercicio
-1-resolvido.pdf , page1 used on input line 40.
(pdftex.def)             Requested size: 598.15321pt x 846.03874pt.
File: /home/sparthur/git/logic-circuits-design/AP2/Exercicio-1-resolvido.pdf Gr
aphic file (type pdf)
<use /home/sparthur/git/logic-circuits-design/AP2/Exercicio-1-resolvido.pdf, pa
ge 1>
Package pdftex.def Info: /home/sparthur/git/logic-circuits-design/AP2/Exercicio
-1-resolvido.pdf , page1 used on input line 40.
(pdftex.def)             Requested size: 562.06468pt x 794.99446pt.
[6

]
File: /home/sparthur/git/logic-circuits-design/AP2/Exercicio-1-resolvido.pdf Gr
aphic file (type pdf)
<use /home/sparthur/git/logic-circuits-design/AP2/Exercicio-1-resolvido.pdf, pa
ge 1>
Package pdftex.def Info: /home/sparthur/git/logic-circuits-design/AP2/Exercicio
-1-resolvido.pdf , page1 used on input line 40.
(pdftex.def)             Requested size: 562.06468pt x 794.99446pt.
File: /home/sparthur/git/logic-circuits-design/AP2/Exercicio-1-resolvido.pdf Gr
aphic file (type pdf)
<use /home/sparthur/git/logic-circuits-design/AP2/Exercicio-1-resolvido.pdf, pa
ge 1>
Package pdftex.def Info: /home/sparthur/git/logic-circuits-design/AP2/Exercicio
-1-resolvido.pdf , page1 used on input line 40.
(pdftex.def)             Requested size: 562.06468pt x 794.99446pt.
File: /home/sparthur/git/logic-circuits-design/AP2/Exercicio-1-resolvido.pdf Gr
aphic file (type pdf)
<use /home/sparthur/git/logic-circuits-design/AP2/Exercicio-1-resolvido.pdf, pa
ge 1>
Package pdftex.def Info: /home/sparthur/git/logic-circuits-design/AP2/Exercicio
-1-resolvido.pdf , page1 used on input line 40.
(pdftex.def)             Requested size: 562.06468pt x 794.99446pt.
 [7

 </home/sparthur/git/logic-circuits-design/AP2/Exercicio-1-resolvido.pdf>]
</home/sparthur/git/logic-circuits-design/AP2/Exercicio-1-resolvido.pdf, id=211
, page=2, 598.15468pt x 846.0408pt>
File: /home/sparthur/git/logic-circuits-design/AP2/Exercicio-1-resolvido.pdf Gr
aphic file (type pdf)
<use /home/sparthur/git/logic-circuits-design/AP2/Exercicio-1-resolvido.pdf, pa
ge 2>
Package pdftex.def Info: /home/sparthur/git/logic-circuits-design/AP2/Exercicio
-1-resolvido.pdf , page2 used on input line 40.
(pdftex.def)             Requested size: 562.06468pt x 794.99446pt.
File: /home/sparthur/git/logic-circuits-design/AP2/Exercicio-1-resolvido.pdf Gr
aphic file (type pdf)
<use /home/sparthur/git/logic-circuits-design/AP2/Exercicio-1-resolvido.pdf, pa
ge 2>
Package pdftex.def Info: /home/sparthur/git/logic-circuits-design/AP2/Exercicio
-1-resolvido.pdf , page2 used on input line 40.
(pdftex.def)             Requested size: 562.06468pt x 794.99446pt.
File: /home/sparthur/git/logic-circuits-design/AP2/Exercicio-1-resolvido.pdf Gr
aphic file (type pdf)
<use /home/sparthur/git/logic-circuits-design/AP2/Exercicio-1-resolvido.pdf, pa
ge 2>
Package pdftex.def Info: /home/sparthur/git/logic-circuits-design/AP2/Exercicio
-1-resolvido.pdf , page2 used on input line 40.
(pdftex.def)             Requested size: 562.06468pt x 794.99446pt.
 [8

 </home/sparthur/git/logic-circuits-design/AP2/Exercicio-1-resolvido.pdf>]
Cap\'{\i }tulo 4.
</home/sparthur/git/logic-circuits-design/AP2/display-de-7-segmentos.pdf, id=21
7, 598.15468pt x 846.0408pt>
File: /home/sparthur/git/logic-circuits-design/AP2/display-de-7-segmentos.pdf G
raphic file (type pdf)
<use /home/sparthur/git/logic-circuits-design/AP2/display-de-7-segmentos.pdf>
Package pdftex.def Info: /home/sparthur/git/logic-circuits-design/AP2/display-d
e-7-segmentos.pdf  used on input line 44.
(pdftex.def)             Requested size: 598.15321pt x 846.03874pt.
</home/sparthur/git/logic-circuits-design/AP2/display-de-7-segmentos.pdf, id=21
9, page=1, 598.15468pt x 846.0408pt>
File: /home/sparthur/git/logic-circuits-design/AP2/display-de-7-segmentos.pdf G
raphic file (type pdf)
<use /home/sparthur/git/logic-circuits-design/AP2/display-de-7-segmentos.pdf, p
age 1>
Package pdftex.def Info: /home/sparthur/git/logic-circuits-design/AP2/display-d
e-7-segmentos.pdf , page1 used on input line 44.
(pdftex.def)             Requested size: 598.15321pt x 846.03874pt.
File: /home/sparthur/git/logic-circuits-design/AP2/display-de-7-segmentos.pdf G
raphic file (type pdf)
<use /home/sparthur/git/logic-circuits-design/AP2/display-de-7-segmentos.pdf, p
age 1>
Package pdftex.def Info: /home/sparthur/git/logic-circuits-design/AP2/display-d
e-7-segmentos.pdf , page1 used on input line 44.
(pdftex.def)             Requested size: 562.06468pt x 794.99446pt.
[9

]
File: /home/sparthur/git/logic-circuits-design/AP2/display-de-7-segmentos.pdf G
raphic file (type pdf)
<use /home/sparthur/git/logic-circuits-design/AP2/display-de-7-segmentos.pdf, p
age 1>
Package pdftex.def Info: /home/sparthur/git/logic-circuits-design/AP2/display-d
e-7-segmentos.pdf , page1 used on input line 44.
(pdftex.def)             Requested size: 562.06468pt x 794.99446pt.
File: /home/sparthur/git/logic-circuits-design/AP2/display-de-7-segmentos.pdf G
raphic file (type pdf)
<use /home/sparthur/git/logic-circuits-design/AP2/display-de-7-segmentos.pdf, p
age 1>
Package pdftex.def Info: /home/sparthur/git/logic-circuits-design/AP2/display-d
e-7-segmentos.pdf , page1 used on input line 44.
(pdftex.def)             Requested size: 562.06468pt x 794.99446pt.
File: /home/sparthur/git/logic-circuits-design/AP2/display-de-7-segmentos.pdf G
raphic file (type pdf)
<use /home/sparthur/git/logic-circuits-design/AP2/display-de-7-segmentos.pdf, p
age 1>
Package pdftex.def Info: /home/sparthur/git/logic-circuits-design/AP2/display-d
e-7-segmentos.pdf , page1 used on input line 44.
(pdftex.def)             Requested size: 562.06468pt x 794.99446pt.
 [10

 </home/sparthur/git/logic-circuits-design/AP2/display-de-7-segmentos.pdf>]
</home/sparthur/git/logic-circuits-design/AP2/display-de-7-segmentos.pdf, id=43
8, page=2, 598.15468pt x 846.0408pt>
File: /home/sparthur/git/logic-circuits-design/AP2/display-de-7-segmentos.pdf G
raphic file (type pdf)
<use /home/sparthur/git/logic-circuits-design/AP2/display-de-7-segmentos.pdf, p
age 2>
Package pdftex.def Info: /home/sparthur/git/logic-circuits-design/AP2/display-d
e-7-segmentos.pdf , page2 used on input line 44.
(pdftex.def)             Requested size: 562.06468pt x 794.99446pt.
File: /home/sparthur/git/logic-circuits-design/AP2/display-de-7-segmentos.pdf G
raphic file (type pdf)
<use /home/sparthur/git/logic-circuits-design/AP2/display-de-7-segmentos.pdf, p
age 2>
Package pdftex.def Info: /home/sparthur/git/logic-circuits-design/AP2/display-d
e-7-segmentos.pdf , page2 used on input line 44.
(pdftex.def)             Requested size: 562.06468pt x 794.99446pt.
File: /home/sparthur/git/logic-circuits-design/AP2/display-de-7-segmentos.pdf G
raphic file (type pdf)
<use /home/sparthur/git/logic-circuits-design/AP2/display-de-7-segmentos.pdf, p
age 2>
Package pdftex.def Info: /home/sparthur/git/logic-circuits-design/AP2/display-d
e-7-segmentos.pdf , page2 used on input line 44.
(pdftex.def)             Requested size: 562.06468pt x 794.99446pt.
 [11

 </home/sparthur/git/logic-circuits-design/AP2/display-de-7-segmentos.pdf>]
</home/sparthur/git/logic-circuits-design/AP2/display-de-7-segmentos.pdf, id=44
4, page=3, 598.15468pt x 846.0408pt>
File: /home/sparthur/git/logic-circuits-design/AP2/display-de-7-segmentos.pdf G
raphic file (type pdf)
<use /home/sparthur/git/logic-circuits-design/AP2/display-de-7-segmentos.pdf, p
age 3>
Package pdftex.def Info: /home/sparthur/git/logic-circuits-design/AP2/display-d
e-7-segmentos.pdf , page3 used on input line 44.
(pdftex.def)             Requested size: 562.06468pt x 794.99446pt.
File: /home/sparthur/git/logic-circuits-design/AP2/display-de-7-segmentos.pdf G
raphic file (type pdf)
<use /home/sparthur/git/logic-circuits-design/AP2/display-de-7-segmentos.pdf, p
age 3>
Package pdftex.def Info: /home/sparthur/git/logic-circuits-design/AP2/display-d
e-7-segmentos.pdf , page3 used on input line 44.
(pdftex.def)             Requested size: 562.06468pt x 794.99446pt.
File: /home/sparthur/git/logic-circuits-design/AP2/display-de-7-segmentos.pdf G
raphic file (type pdf)
<use /home/sparthur/git/logic-circuits-design/AP2/display-de-7-segmentos.pdf, p
age 3>
Package pdftex.def Info: /home/sparthur/git/logic-circuits-design/AP2/display-d
e-7-segmentos.pdf , page3 used on input line 44.
(pdftex.def)             Requested size: 562.06468pt x 794.99446pt.
 [12

 </home/sparthur/git/logic-circuits-design/AP2/display-de-7-segmentos.pdf>]
</home/sparthur/git/logic-circuits-design/AP2/display-de-7-segmentos.pdf, id=45
1, page=4, 598.15468pt x 846.0408pt>
File: /home/sparthur/git/logic-circuits-design/AP2/display-de-7-segmentos.pdf G
raphic file (type pdf)
<use /home/sparthur/git/logic-circuits-design/AP2/display-de-7-segmentos.pdf, p
age 4>
Package pdftex.def Info: /home/sparthur/git/logic-circuits-design/AP2/display-d
e-7-segmentos.pdf , page4 used on input line 44.
(pdftex.def)             Requested size: 562.06468pt x 794.99446pt.
File: /home/sparthur/git/logic-circuits-design/AP2/display-de-7-segmentos.pdf G
raphic file (type pdf)
<use /home/sparthur/git/logic-circuits-design/AP2/display-de-7-segmentos.pdf, p
age 4>
Package pdftex.def Info: /home/sparthur/git/logic-circuits-design/AP2/display-d
e-7-segmentos.pdf , page4 used on input line 44.
(pdftex.def)             Requested size: 562.06468pt x 794.99446pt.
File: /home/sparthur/git/logic-circuits-design/AP2/display-de-7-segmentos.pdf G
raphic file (type pdf)
<use /home/sparthur/git/logic-circuits-design/AP2/display-de-7-segmentos.pdf, p
age 4>
Package pdftex.def Info: /home/sparthur/git/logic-circuits-design/AP2/display-d
e-7-segmentos.pdf , page4 used on input line 44.
(pdftex.def)             Requested size: 562.06468pt x 794.99446pt.
 [13

 </home/sparthur/git/logic-circuits-design/AP2/display-de-7-segmentos.pdf>]
</home/sparthur/git/logic-circuits-design/AP2/display-de-7-segmentos.pdf, id=46
2, page=5, 598.15468pt x 846.0408pt>
File: /home/sparthur/git/logic-circuits-design/AP2/display-de-7-segmentos.pdf G
raphic file (type pdf)
<use /home/sparthur/git/logic-circuits-design/AP2/display-de-7-segmentos.pdf, p
age 5>
Package pdftex.def Info: /home/sparthur/git/logic-circuits-design/AP2/display-d
e-7-segmentos.pdf , page5 used on input line 44.
(pdftex.def)             Requested size: 562.06468pt x 794.99446pt.
File: /home/sparthur/git/logic-circuits-design/AP2/display-de-7-segmentos.pdf G
raphic file (type pdf)
<use /home/sparthur/git/logic-circuits-design/AP2/display-de-7-segmentos.pdf, p
age 5>
Package pdftex.def Info: /home/sparthur/git/logic-circuits-design/AP2/display-d
e-7-segmentos.pdf , page5 used on input line 44.
(pdftex.def)             Requested size: 562.06468pt x 794.99446pt.
File: /home/sparthur/git/logic-circuits-design/AP2/display-de-7-segmentos.pdf G
raphic file (type pdf)
<use /home/sparthur/git/logic-circuits-design/AP2/display-de-7-segmentos.pdf, p
age 5>
Package pdftex.def Info: /home/sparthur/git/logic-circuits-design/AP2/display-d
e-7-segmentos.pdf , page5 used on input line 44.
(pdftex.def)             Requested size: 562.06468pt x 794.99446pt.
 [14

 </home/sparthur/git/logic-circuits-design/AP2/display-de-7-segmentos.pdf>]
</home/sparthur/git/logic-circuits-design/AP2/display-de-7-segmentos.pdf, id=46
9, page=6, 598.15468pt x 846.0408pt>
File: /home/sparthur/git/logic-circuits-design/AP2/display-de-7-segmentos.pdf G
raphic file (type pdf)
<use /home/sparthur/git/logic-circuits-design/AP2/display-de-7-segmentos.pdf, p
age 6>
Package pdftex.def Info: /home/sparthur/git/logic-circuits-design/AP2/display-d
e-7-segmentos.pdf , page6 used on input line 44.
(pdftex.def)             Requested size: 562.06468pt x 794.99446pt.
File: /home/sparthur/git/logic-circuits-design/AP2/display-de-7-segmentos.pdf G
raphic file (type pdf)
<use /home/sparthur/git/logic-circuits-design/AP2/display-de-7-segmentos.pdf, p
age 6>
Package pdftex.def Info: /home/sparthur/git/logic-circuits-design/AP2/display-d
e-7-segmentos.pdf , page6 used on input line 44.
(pdftex.def)             Requested size: 562.06468pt x 794.99446pt.
File: /home/sparthur/git/logic-circuits-design/AP2/display-de-7-segmentos.pdf G
raphic file (type pdf)
<use /home/sparthur/git/logic-circuits-design/AP2/display-de-7-segmentos.pdf, p
age 6>
Package pdftex.def Info: /home/sparthur/git/logic-circuits-design/AP2/display-d
e-7-segmentos.pdf , page6 used on input line 44.
(pdftex.def)             Requested size: 562.06468pt x 794.99446pt.
 [15

 </home/sparthur/git/logic-circuits-design/AP2/display-de-7-segmentos.pdf>]
</home/sparthur/git/logic-circuits-design/AP2/display-de-7-segmentos.pdf, id=47
5, page=7, 598.15468pt x 846.0408pt>
File: /home/sparthur/git/logic-circuits-design/AP2/display-de-7-segmentos.pdf G
raphic file (type pdf)
<use /home/sparthur/git/logic-circuits-design/AP2/display-de-7-segmentos.pdf, p
age 7>
Package pdftex.def Info: /home/sparthur/git/logic-circuits-design/AP2/display-d
e-7-segmentos.pdf , page7 used on input line 44.
(pdftex.def)             Requested size: 562.06468pt x 794.99446pt.
File: /home/sparthur/git/logic-circuits-design/AP2/display-de-7-segmentos.pdf G
raphic file (type pdf)
<use /home/sparthur/git/logic-circuits-design/AP2/display-de-7-segmentos.pdf, p
age 7>
Package pdftex.def Info: /home/sparthur/git/logic-circuits-design/AP2/display-d
e-7-segmentos.pdf , page7 used on input line 44.
(pdftex.def)             Requested size: 562.06468pt x 794.99446pt.
File: /home/sparthur/git/logic-circuits-design/AP2/display-de-7-segmentos.pdf G
raphic file (type pdf)
<use /home/sparthur/git/logic-circuits-design/AP2/display-de-7-segmentos.pdf, p
age 7>
Package pdftex.def Info: /home/sparthur/git/logic-circuits-design/AP2/display-d
e-7-segmentos.pdf , page7 used on input line 44.
(pdftex.def)             Requested size: 562.06468pt x 794.99446pt.
 [16

 </home/sparthur/git/logic-circuits-design/AP2/display-de-7-segmentos.pdf>]
</home/sparthur/git/logic-circuits-design/AP2/display-de-7-segmentos.pdf, id=48
1, page=8, 598.15468pt x 846.0408pt>
File: /home/sparthur/git/logic-circuits-design/AP2/display-de-7-segmentos.pdf G
raphic file (type pdf)
<use /home/sparthur/git/logic-circuits-design/AP2/display-de-7-segmentos.pdf, p
age 8>
Package pdftex.def Info: /home/sparthur/git/logic-circuits-design/AP2/display-d
e-7-segmentos.pdf , page8 used on input line 44.
(pdftex.def)             Requested size: 562.06468pt x 794.99446pt.
File: /home/sparthur/git/logic-circuits-design/AP2/display-de-7-segmentos.pdf G
raphic file (type pdf)
<use /home/sparthur/git/logic-circuits-design/AP2/display-de-7-segmentos.pdf, p
age 8>
Package pdftex.def Info: /home/sparthur/git/logic-circuits-design/AP2/display-d
e-7-segmentos.pdf , page8 used on input line 44.
(pdftex.def)             Requested size: 562.06468pt x 794.99446pt.
File: /home/sparthur/git/logic-circuits-design/AP2/display-de-7-segmentos.pdf G
raphic file (type pdf)
<use /home/sparthur/git/logic-circuits-design/AP2/display-de-7-segmentos.pdf, p
age 8>
Package pdftex.def Info: /home/sparthur/git/logic-circuits-design/AP2/display-d
e-7-segmentos.pdf , page8 used on input line 44.
(pdftex.def)             Requested size: 562.06468pt x 794.99446pt.
 [17

 </home/sparthur/git/logic-circuits-design/AP2/display-de-7-segmentos.pdf>]
</home/sparthur/git/logic-circuits-design/AP2/display-de-7-segmentos.pdf, id=48
9, page=9, 598.15468pt x 846.0408pt>
File: /home/sparthur/git/logic-circuits-design/AP2/display-de-7-segmentos.pdf G
raphic file (type pdf)
<use /home/sparthur/git/logic-circuits-design/AP2/display-de-7-segmentos.pdf, p
age 9>
Package pdftex.def Info: /home/sparthur/git/logic-circuits-design/AP2/display-d
e-7-segmentos.pdf , page9 used on input line 44.
(pdftex.def)             Requested size: 562.06468pt x 794.99446pt.
File: /home/sparthur/git/logic-circuits-design/AP2/display-de-7-segmentos.pdf G
raphic file (type pdf)
<use /home/sparthur/git/logic-circuits-design/AP2/display-de-7-segmentos.pdf, p
age 9>
Package pdftex.def Info: /home/sparthur/git/logic-circuits-design/AP2/display-d
e-7-segmentos.pdf , page9 used on input line 44.
(pdftex.def)             Requested size: 562.06468pt x 794.99446pt.
File: /home/sparthur/git/logic-circuits-design/AP2/display-de-7-segmentos.pdf G
raphic file (type pdf)
<use /home/sparthur/git/logic-circuits-design/AP2/display-de-7-segmentos.pdf, p
age 9>
Package pdftex.def Info: /home/sparthur/git/logic-circuits-design/AP2/display-d
e-7-segmentos.pdf , page9 used on input line 44.
(pdftex.def)             Requested size: 562.06468pt x 794.99446pt.
 [18

 </home/sparthur/git/logic-circuits-design/AP2/display-de-7-segmentos.pdf>]
</home/sparthur/git/logic-circuits-design/AP2/display-de-7-segmentos.pdf, id=49
8, page=10, 598.15468pt x 846.0408pt>
File: /home/sparthur/git/logic-circuits-design/AP2/display-de-7-segmentos.pdf G
raphic file (type pdf)
<use /home/sparthur/git/logic-circuits-design/AP2/display-de-7-segmentos.pdf, p
age 10>
Package pdftex.def Info: /home/sparthur/git/logic-circuits-design/AP2/display-d
e-7-segmentos.pdf , page10 used on input line 44.
(pdftex.def)             Requested size: 562.06468pt x 794.99446pt.
File: /home/sparthur/git/logic-circuits-design/AP2/display-de-7-segmentos.pdf G
raphic file (type pdf)
<use /home/sparthur/git/logic-circuits-design/AP2/display-de-7-segmentos.pdf, p
age 10>
Package pdftex.def Info: /home/sparthur/git/logic-circuits-design/AP2/display-d
e-7-segmentos.pdf , page10 used on input line 44.
(pdftex.def)             Requested size: 562.06468pt x 794.99446pt.
File: /home/sparthur/git/logic-circuits-design/AP2/display-de-7-segmentos.pdf G
raphic file (type pdf)
<use /home/sparthur/git/logic-circuits-design/AP2/display-de-7-segmentos.pdf, p
age 10>
Package pdftex.def Info: /home/sparthur/git/logic-circuits-design/AP2/display-d
e-7-segmentos.pdf , page10 used on input line 44.
(pdftex.def)             Requested size: 562.06468pt x 794.99446pt.
 [19

 </home/sparthur/git/logic-circuits-design/AP2/display-de-7-segmentos.pdf>]
Cap\'{\i }tulo 5.
[20

] (./pre-lab-report.aux)
 ***********
LaTeX2e <2025-11-01>
L3 programming layer <2026-01-19>
 ***********
 ) 
Here is how much of TeX's memory you used:
 5070 strings out of 467548
 87198 string characters out of 5422840
 515313 words of memory out of 6000000
 33931 multiletter control sequences out of 15000+600000
 630791 words of font info for 50 fonts, out of 8000000 for 9000
 1141 hyphenation exceptions out of 8191
 72i,17n,83p,264b,450s stack positions out of 10000i,1000n,20000p,200000b,200000s
</usr/share/texlive/texmf-dist/fonts/type1/public/amsfonts/cm/cmbx10.pfb></us
r/share/texlive/texmf-dist/fonts/type1/public/amsfonts/cm/cmbx12.pfb></usr/shar
e/texlive/texmf-dist/fonts/type1/public/amsfonts/cm/cmr10.pfb></usr/share/texli
ve/texmf-dist/fonts/type1/public/amsfonts/cm/cmr12.pfb></usr/share/texlive/texm
f-dist/fonts/type1/public/amsfonts/cm/cmti10.pfb>
Output written on pre-lab-report.pdf (21 pages, 814144 bytes).
PDF statistics:
 531 PDF objects out of 1000 (max. 8388607)
 164 compressed objects within 2 object streams
 0 named destinations out of 1000 (max. 500000)
 101 words of extra memory for PDF output out of 10000 (max. 10000000)

